// Jest Snapshot v1, https://goo.gl/fbAQLP

exports[`BreedList suite 404 renders correctly with snapshot 1`] = `
Array [
  <nav
    className="navbar navbar-default"
  >
    <div
      className="container"
    >
      <div
        className="navbar-header"
      >
        <a
          className="navbar-brand"
          href="/"
        >
          Dog-ceo
        </a>
      </div>
    </div>
  </nav>,
  <div
    className="alert alert-info"
    role="alert"
  >
    <strong>
      404
    </strong>
     
    There does not seem to be a page here
  </div>,
]
`;
